[TOC]

---
# Innodb行格式

InnoDB存储引擎记录是以行存储的，提供了Compact、Redundant、Compressed和Dynamic四种格式来存放行记录数据。其中Compact和Redundant称为Antelope文件格式，Compressed和Dynamic称为Barracuda文件格式。5.7后默认为Barracuda文件格式，Barracuda包含了Antelope中的行格式，通过参数innodb_file_format控制，我们可以为表单独指定ROW_FORMAT
```
mysql> CREATE TABLE tab1(id bigint primary key,name varchar(20)) ROW_FORMAT=COMPACT;
mysql> ALTER TABLE tab1 ROW_FORMAT=Dynamic;
```
## Compact

![Compact](https://user-gold-cdn.xitu.io/2019/3/12/169710e8fafc21aa?imageView2/0/w/1280/h/960/format/webp/ignore-error/1)

在compact格式中，将所有变长字段的真实数据长度都存放在变长字段长度列表，各变长字段占用的字节数按列的`逆序`存放。变长字段列表中，当列的数据字节比较小时，一个字节就可以用于表示；如果数据字节较多，就需要两个字节表示，变长字段的长度最大不可以超过2字节，这是因为VARCHAR类型的最大长度为65535。其具体的计算规则如下：
- 字符集对应的字节数记为W，例如UTF8为3个字节，gbk为2个字节
- 变长字段定义的最大字符数记为N
- 实际数据占用的字节数记为R
- N * W < 255，则只需要一个字节
- N * W > 255时，如果R<=127则需要一个字节，如果R>127则需要两个字节

如果表中没有允许为NULL的列，NULL值列表就不存在了，每个允许为NULL的列对应一个二进制位，如果列为NULL值，记为1，并且不记录变长字段列表，非NULL的则记为0，二进制位依旧按照逆序排列，当记录大小不足一个字节时，在左侧加0补充

![null](https://user-gold-cdn.xitu.io/2019/3/12/169710e944a8af0c?imageView2/0/w/1280/h/960/format/webp/ignore-error/1)

对于记录头信息，固定为40为位，占5字节，其中包含：


![record header](https://user-gold-cdn.xitu.io/2019/3/12/169710e97718ef01?imageView2/0/w/1280/h/960/format/webp/ignore-error/1)

名称 | 字节大小 | 描述
-- | -- | --
{} | 1 | 预留位
{} | 1 | 预留位
deleted_flag | 1 | 该行是否已被删除
min_rec_flag | 1 | B+树的每层非叶子节点中的最小记录，标记为1
n_owned | 4 | 该记录拥有的记录数
heap_no | 13 | 索引堆中该条记录的排序记录，即插入顺序
record_type | 3 | 记录类型。000表示普通，001表示B+树节点指针，010表示Infimumi(最小记录)，011表示Supremem(最大记录)，1xx表示保留
next_record | 16 | 页中下一条记录的相对位置

最后就是实际存储每个列的数据，每行除了用户显示定义的列之外，还有transaction_id(事务ID)和roll_pointer(回滚指针)，大小分别为6字节和7字节，若表上没有定义主键，还将增加一个6字节的rowid列。

现在我们根据下面的表，来具体看看Compact格式的具体内容。我们可以通过hexdump来获取表空间文件信息
```
mysql> show create table test;
+-------+-------------------------------------------------------------------------------------------------------------------------------------------------------------------------------------------------------+
| Table | Create Table                                                                                                                                                                                          |
+-------+-------------------------------------------------------------------------------------------------------------------------------------------------------------------------------------------------------+
| test  | CREATE TABLE `test` (
  `a` varchar(10) DEFAULT NULL,
  `b` varchar(10) DEFAULT NULL,
  `c` char(10) DEFAULT NULL,
  `d` varchar(10) DEFAULT NULL
) ENGINE=InnoDB DEFAULT CHARSET=utf8 ROW_FORMAT=COMPACT |
+-------+-------------------------------------------------------------------------------------------------------------------------------------------------------------------------------------------------------+

mysql> select * from test;
+------+------+------+------+
| a    | b    | c    | d    |
+------+------+------+------+
| a    | bb   | ccc  | dddd |
| b    | aa   | ccc  | dddd |
| c    | NULL | NULL | dddd |
+------+------+------+------+

[root@t-luhx02-v-szzb data]# hexdump -C -v test/test.ibd > test.info
0000c070  73 75 70 72 65 6d 75 6d  04 0a 02 01 00 00 00 10  |supremum........|
0000c080  00 2e 00 00 00 00 02 0f  00 00 00 00 14 60 be 00  |.............`..|
0000c090  00 01 91 01 10 61 62 62  63 63 63 20 20 20 20 20  |.....abbccc     |
0000c0a0  20 20 64 64 64 64 04 0a  02 01 00 00 00 18 00 2c  |  dddd.........,|
0000c0b0  00 00 00 00 02 10 00 00  00 00 14 60 be 00 00 01  |...........`....|
0000c0c0  91 01 1e 62 61 61 63 63  63 20 20 20 20 20 20 20  |...baaccc       |
0000c0d0  64 64 64 64 04 01 06 00  00 20 ff 94 00 00 00 00  |dddd..... ......|
0000c0e0  02 11 00 00 00 00 14 60  be 00 00 01 91 01 2c 63  |.......`......,c|
0000c0f0  64 64 64 64 00 00 00 00  00 00 00 00 00 00 00 00  |dddd............|
```

- 04 0a 02 01：为变长字段长度列表并逆序，我们这里A、B、D都定义为varchar变长字段
- 00：NULL标志位，第一行没有NULL值
- 00 00 10 00 2e：Record Header，其中0x2e代表下一记录的偏移量，当前记录加上偏移量就是下条记录的起始位置
- 00 00 00 00 02 0f：自动创建的rowid
- 00 00 00 00 14 60：事务ID
- be 00 00 01 91 01 10：Roll Pointer
- 61：a列的数据，61对应a的ascii值的16进制
- 62 62：b列的数据，62对应的b的ascii值的16进制
- 63 63 63 20 20 20 20 20 20 20：c列的数据，62对应c的ascii值的16进制，定长字段不足时用0x20填充
- 64 64 64 64：d列的数据，64对应d的ascii值的16进制

**CHAR(N)**

在compact格式下，对于CHAR(N)类型的列，当列采用定长字符集时，该列占用的字节不会加到变长字段列表中，例如ascii字符集；如果采用变长字符集时，该列占用的字节数会记录到变长字段列表中，例如utf-8为1-3字节


## Redundant

redundant是MySQL5.0之前使用的行格式
![redundant](https://user-gold-cdn.xitu.io/2019/3/12/169710e99a69ba3d?imageView2/0/w/1280/h/960/format/webp/ignore-error/1)

Redundant行记录格式的头部是一个字段长度偏移列表，将记录所有列的长度信息都逆序存储到字段长度偏移列表，采用相邻数值的差值来计算各个列的长度，例如一条记录的字段长度偏移列表为
```
25 24 1A 17 13 0C 06
```
反转顺序排列
```
06 0C 13 17 1A 24 25
```
采用相邻数值的差值来计算各个列的长度
```
row_id列的长度就是 0x06个字节，也就是6个字节
transaction_id列的长度就是 (0x0C - 0x06)个字节，也就是6个字节
roll_pointer列的长度就是 (0x13 - 0x0C)个字节，也就是7个字节
c1列的长度就是 (0x17 - 0x13)个字节，也就是4个字节
c2列的长度就是 (0x1A - 0x17)个字节，也就是3个字节
c3列的长度就是 (0x24 - 0x1A)个字节，也就是10个字节
c4列的长度就是 (0x25 - 0x24)个字节，也就是1个字节
```

Redundant行格式的记录头信息占用6字节，48位，其组成如下：

名称 | 字节大小 | 描述
-- | -- | --
{} | 1 | 预留位
{} | 1 | 预留位
deleted_flag | 1 | 该行是否已被删除
min_rec_flag | 1 | 如果该行位最小的记录，标记为1
n_owned | 4 | 该记录拥有的记录数
heap_no | 13 | 索引堆中该条记录的索引号，即插入顺序
n_fields | 10 | 记录中列的数量
1byte_offs_flag | 1 | 偏移列表是1字节还是2字节
next_record | 16 | 页中下一条记录的相对位置

1byte_offs_flag用于表示每个列的偏移量是使用1个字节还是2个字节，值为1时，表示1个字节存储，值为0时，表示使用2个字节存储。记录真实数据占用的字节不大于127(0x7F)时，1byte_offs_flag为1，当记录真实数据大于127，小于32767字节时，1byte_offs_flag为0

由于redundant中并没有NULL值列表，因此将列对应的偏移量值第一位作为列是否为空的依据，如果第一位为1则为NULL，否则就不是NULL。因此1byte_offs_flag的计算方式是127(01111111)作为中间值，就是因为第一位用于标记NULL了。对于为NULL的列的类型是否为定长类型决定了NULL值的存储方式，如果是定长类型，字段数据通过0x00填充，如果为变长类型，则不占用任何数据存储空间

## 行溢出

MySQL VARCHAR类型可以存放65535个字节，但是实际上测试NOT NULL的情况下最大为65533，否则只能到65532
```
mysql> create table a(a varchar(65533)) charset=latin1 engine=innodb;
ERROR 1118 (42000): Row size too large. The maximum row size for the used table type, not counting BLOBs, is 65535. This includes storage overhead, check the manual. You have to change some columns to TEXT or BLOBs

mysql> create table a(a varchar(65532)) charset=latin1 engine=innodb;
Query OK, 0 rows affected (0.02 sec)
```
> 如果没有设置SQL_MODE为严格模式，65535也能创建成功，只是通过show warning查看告警时会发现自动转换为text类型了。

最大长度也受字符集影响，例如utf-8下一个字符最大为3个字节，最大长度就不能超过21845。另外，该长度限制是针对一行记录所有字段的总和，如果有3个3000长度的varchar类型也是会存在报错的

MySQL强制要求一个数据页至少包含两条记录，因此在针对列数据较大的情况下，可能会出现行溢出的现象。对于Antelope文件格式，只会在数据页保留前768个字节的前缀数据，之后是20字节的偏移量，指向行溢出页，也就是Uncompressed BLOB Page；对于Barracuda，数据页只存放20个字节的指针，实际的数据都存放在off page中

